// Jest Snapshot v1, https://goo.gl/fbAQLP

exports[`App loads songs and displays them in the table 1`] = `
<DocumentFragment>
  <div
    class="app-container"
  >
    <div
      id="nav"
    >
      <div
        class="search-field-container"
      >
        <div
          class="search-field"
        >
          <input
            placeholder="Search"
            type="text"
          />
          <svg>
            search-icon.svg
          </svg>
        </div>
      </div>
      <div
        class=""
        data-testid="hamburger-container"
        id="hamburger-container"
      >
        <button
          class="hamburger hamburger--squeeze "
          data-testid="hamburger-button"
          type="button"
        >
          <span
            class="hamburger-box"
          >
            <span
              class="hamburger-inner"
            />
          </span>
        </button>
      </div>
      <div
        class="menu-drawer"
        data-testid="menu-drawer"
        style="max-height: 0px; visibility: hidden;"
      >
        <div
          class="menu-item"
        >
          Login
        </div>
      </div>
    </div>
    <div
      class="content-container"
    >
      <header
        class="logo-container"
      >
        <img
          alt="logo"
          class="logo"
          src="JocksKaraoke.jpeg"
        />
      </header>
      <div
        class="table-container"
      >
        <div
          class="table-cell bold"
        >
          Song Title
        </div>
        <div
          class="table-cell bold"
        >
          Artist
        </div>
        <div
          class="table-cell bold"
        >
          Location
        </div>
        <div
          class="table-cell"
        >
          Immigrant Song
        </div>
        <div
          class="table-cell"
        >
          Led Zeppelin
        </div>
        <div
          class="table-cell"
        >
          GP001
        </div>
        <div
          class="table-cell"
        >
          Don't stop me now
        </div>
        <div
          class="table-cell"
        >
          Queen
        </div>
        <div
          class="table-cell"
        >
          GP002
        </div>
        <div
          class="table-cell"
        >
          Damn it feels good to be a gangster
        </div>
        <div
          class="table-cell"
        >
          Geto Boys
        </div>
        <div
          class="table-cell"
        >
          GP003
        </div>
      </div>
    </div>
  </div>
</DocumentFragment>
`;
